------------------------------------------------------------
Timing Analyzer Summary
------------------------------------------------------------

Type  : Slow 1200mV 85C Model Setup 'clock'
Slack : -4.409
TNS   : -80.481

Type  : Slow 1200mV 85C Model Setup 'secondClock'
Slack : -1.157
TNS   : -4.864

Type  : Slow 1200mV 85C Model Hold 'secondClock'
Slack : 0.465
TNS   : 0.000

Type  : Slow 1200mV 85C Model Hold 'clock'
Slack : 0.760
TNS   : 0.000

Type  : Slow 1200mV 85C Model Minimum Pulse Width 'clock'
Slack : -3.000
TNS   : -52.071

Type  : Slow 1200mV 85C Model Minimum Pulse Width 'secondClock'
Slack : -1.487
TNS   : -14.870

Type  : Slow 1200mV 0C Model Setup 'clock'
Slack : -4.101
TNS   : -69.434

Type  : Slow 1200mV 0C Model Setup 'secondClock'
Slack : -0.985
TNS   : -3.893

Type  : Slow 1200mV 0C Model Hold 'secondClock'
Slack : 0.416
TNS   : 0.000

Type  : Slow 1200mV 0C Model Hold 'clock'
Slack : 0.704
TNS   : 0.000

Type  : Slow 1200mV 0C Model Minimum Pulse Width 'clock'
Slack : -3.000
TNS   : -52.071

Type  : Slow 1200mV 0C Model Minimum Pulse Width 'secondClock'
Slack : -1.487
TNS   : -14.960

Type  : Fast 1200mV 0C Model Setup 'clock'
Slack : -1.425
TNS   : -17.535

Type  : Fast 1200mV 0C Model Setup 'secondClock'
Slack : 0.059
TNS   : 0.000

Type  : Fast 1200mV 0C Model Hold 'secondClock'
Slack : 0.193
TNS   : 0.000

Type  : Fast 1200mV 0C Model Hold 'clock'
Slack : 0.303
TNS   : 0.000

Type  : Fast 1200mV 0C Model Minimum Pulse Width 'clock'
Slack : -3.000
TNS   : -38.145

Type  : Fast 1200mV 0C Model Minimum Pulse Width 'secondClock'
Slack : -1.000
TNS   : -10.000

------------------------------------------------------------
