------------------------------------------------------------
Timing Analyzer Summary
------------------------------------------------------------

Type  : Slow 1200mV 85C Model Setup 'thirdClock'
Slack : -5.637
TNS   : -228.329

Type  : Slow 1200mV 85C Model Setup 'clock'
Slack : -4.487
TNS   : -81.752

Type  : Slow 1200mV 85C Model Hold 'thirdClock'
Slack : 0.433
TNS   : 0.000

Type  : Slow 1200mV 85C Model Hold 'clock'
Slack : 0.760
TNS   : 0.000

Type  : Slow 1200mV 85C Model Minimum Pulse Width 'clock'
Slack : -3.000
TNS   : -52.071

Type  : Slow 1200mV 85C Model Minimum Pulse Width 'thirdClock'
Slack : -1.487
TNS   : -66.915

Type  : Slow 1200mV 0C Model Setup 'thirdClock'
Slack : -5.238
TNS   : -211.363

Type  : Slow 1200mV 0C Model Setup 'clock'
Slack : -4.147
TNS   : -70.743

Type  : Slow 1200mV 0C Model Hold 'thirdClock'
Slack : 0.383
TNS   : 0.000

Type  : Slow 1200mV 0C Model Hold 'clock'
Slack : 0.705
TNS   : 0.000

Type  : Slow 1200mV 0C Model Minimum Pulse Width 'clock'
Slack : -3.000
TNS   : -52.071

Type  : Slow 1200mV 0C Model Minimum Pulse Width 'thirdClock'
Slack : -1.487
TNS   : -66.915

Type  : Fast 1200mV 0C Model Setup 'thirdClock'
Slack : -1.812
TNS   : -70.577

Type  : Fast 1200mV 0C Model Setup 'clock'
Slack : -1.366
TNS   : -17.040

Type  : Fast 1200mV 0C Model Hold 'thirdClock'
Slack : 0.179
TNS   : 0.000

Type  : Fast 1200mV 0C Model Hold 'clock'
Slack : 0.293
TNS   : 0.000

Type  : Fast 1200mV 0C Model Minimum Pulse Width 'clock'
Slack : -3.000
TNS   : -38.145

Type  : Fast 1200mV 0C Model Minimum Pulse Width 'thirdClock'
Slack : -1.000
TNS   : -45.000

------------------------------------------------------------
