------------------------------------------------------------
Timing Analyzer Summary
------------------------------------------------------------

Type  : Slow 1200mV 85C Model Setup 'clock'
Slack : -34.480
TNS   : -557.105

Type  : Slow 1200mV 85C Model Setup 'Display:PrintArithResult|thirdClock'
Slack : -6.130
TNS   : -517.055

Type  : Slow 1200mV 85C Model Setup 'Display:PrintMessage|thirdClock'
Slack : -5.801
TNS   : -328.290

Type  : Slow 1200mV 85C Model Setup 'reset'
Slack : -2.365
TNS   : -53.488

Type  : Slow 1200mV 85C Model Setup 'selector[0]'
Slack : -1.701
TNS   : -10.820

Type  : Slow 1200mV 85C Model Setup 'ArithmeticShiftRight:ASRShift|secondClock'
Slack : -1.435
TNS   : -38.192

Type  : Slow 1200mV 85C Model Setup 'LeftShifter:LfShift|secondClock'
Slack : -0.931
TNS   : -29.426

Type  : Slow 1200mV 85C Model Hold 'Display:PrintArithResult|thirdClock'
Slack : 0.106
TNS   : 0.000

Type  : Slow 1200mV 85C Model Hold 'Display:PrintMessage|thirdClock'
Slack : 0.134
TNS   : 0.000

Type  : Slow 1200mV 85C Model Hold 'LeftShifter:LfShift|secondClock'
Slack : 0.357
TNS   : 0.000

Type  : Slow 1200mV 85C Model Hold 'ArithmeticShiftRight:ASRShift|secondClock'
Slack : 0.358
TNS   : 0.000

Type  : Slow 1200mV 85C Model Hold 'clock'
Slack : 0.479
TNS   : 0.000

Type  : Slow 1200mV 85C Model Hold 'selector[0]'
Slack : 0.593
TNS   : 0.000

Type  : Slow 1200mV 85C Model Hold 'reset'
Slack : 1.023
TNS   : 0.000

Type  : Slow 1200mV 85C Model Recovery 'LeftShifter:LfShift|secondClock'
Slack : -0.170
TNS   : -2.712

Type  : Slow 1200mV 85C Model Recovery 'clock'
Slack : 0.006
TNS   : 0.000

Type  : Slow 1200mV 85C Model Recovery 'ArithmeticShiftRight:ASRShift|secondClock'
Slack : 0.164
TNS   : 0.000

Type  : Slow 1200mV 85C Model Recovery 'Display:PrintMessage|thirdClock'
Slack : 0.794
TNS   : 0.000

Type  : Slow 1200mV 85C Model Recovery 'Display:PrintArithResult|thirdClock'
Slack : 1.011
TNS   : 0.000

Type  : Slow 1200mV 85C Model Removal 'Display:PrintArithResult|thirdClock'
Slack : -1.128
TNS   : -90.191

Type  : Slow 1200mV 85C Model Removal 'Display:PrintMessage|thirdClock'
Slack : -0.902
TNS   : -71.233

Type  : Slow 1200mV 85C Model Removal 'ArithmeticShiftRight:ASRShift|secondClock'
Slack : -0.245
TNS   : -3.675

Type  : Slow 1200mV 85C Model Removal 'clock'
Slack : -0.089
TNS   : -7.500

Type  : Slow 1200mV 85C Model Removal 'LeftShifter:LfShift|secondClock'
Slack : 0.101
TNS   : 0.000

Type  : Slow 1200mV 85C Model Minimum Pulse Width 'clock'
Slack : -3.000
TNS   : -115.000

Type  : Slow 1200mV 85C Model Minimum Pulse Width 'reset'
Slack : -3.000
TNS   : -3.000

Type  : Slow 1200mV 85C Model Minimum Pulse Width 'selector[0]'
Slack : -3.000
TNS   : -3.000

Type  : Slow 1200mV 85C Model Minimum Pulse Width 'Display:PrintArithResult|thirdClock'
Slack : -1.000
TNS   : -108.000

Type  : Slow 1200mV 85C Model Minimum Pulse Width 'Display:PrintMessage|thirdClock'
Slack : -1.000
TNS   : -79.000

Type  : Slow 1200mV 85C Model Minimum Pulse Width 'LeftShifter:LfShift|secondClock'
Slack : -1.000
TNS   : -37.000

Type  : Slow 1200mV 85C Model Minimum Pulse Width 'ArithmeticShiftRight:ASRShift|secondClock'
Slack : -1.000
TNS   : -34.000

Type  : Slow 1200mV 0C Model Setup 'clock'
Slack : -30.620
TNS   : -483.843

Type  : Slow 1200mV 0C Model Setup 'Display:PrintArithResult|thirdClock'
Slack : -5.369
TNS   : -455.909

Type  : Slow 1200mV 0C Model Setup 'Display:PrintMessage|thirdClock'
Slack : -5.130
TNS   : -289.233

Type  : Slow 1200mV 0C Model Setup 'reset'
Slack : -2.168
TNS   : -48.517

Type  : Slow 1200mV 0C Model Setup 'selector[0]'
Slack : -1.613
TNS   : -10.001

Type  : Slow 1200mV 0C Model Setup 'ArithmeticShiftRight:ASRShift|secondClock'
Slack : -1.206
TNS   : -31.539

Type  : Slow 1200mV 0C Model Setup 'LeftShifter:LfShift|secondClock'
Slack : -0.883
TNS   : -25.831

Type  : Slow 1200mV 0C Model Hold 'Display:PrintArithResult|thirdClock'
Slack : 0.097
TNS   : 0.000

Type  : Slow 1200mV 0C Model Hold 'Display:PrintMessage|thirdClock'
Slack : 0.130
TNS   : 0.000

Type  : Slow 1200mV 0C Model Hold 'ArithmeticShiftRight:ASRShift|secondClock'
Slack : 0.312
TNS   : 0.000

Type  : Slow 1200mV 0C Model Hold 'LeftShifter:LfShift|secondClock'
Slack : 0.312
TNS   : 0.000

Type  : Slow 1200mV 0C Model Hold 'clock'
Slack : 0.442
TNS   : 0.000

Type  : Slow 1200mV 0C Model Hold 'selector[0]'
Slack : 0.615
TNS   : 0.000

Type  : Slow 1200mV 0C Model Hold 'reset'
Slack : 0.907
TNS   : 0.000

Type  : Slow 1200mV 0C Model Recovery 'LeftShifter:LfShift|secondClock'
Slack : -0.117
TNS   : -1.860

Type  : Slow 1200mV 0C Model Recovery 'clock'
Slack : 0.077
TNS   : 0.000

Type  : Slow 1200mV 0C Model Recovery 'ArithmeticShiftRight:ASRShift|secondClock'
Slack : 0.187
TNS   : 0.000

Type  : Slow 1200mV 0C Model Recovery 'Display:PrintMessage|thirdClock'
Slack : 0.778
TNS   : 0.000

Type  : Slow 1200mV 0C Model Recovery 'Display:PrintArithResult|thirdClock'
Slack : 0.972
TNS   : 0.000

Type  : Slow 1200mV 0C Model Removal 'Display:PrintArithResult|thirdClock'
Slack : -1.013
TNS   : -80.971

Type  : Slow 1200mV 0C Model Removal 'Display:PrintMessage|thirdClock'
Slack : -0.812
TNS   : -64.106

Type  : Slow 1200mV 0C Model Removal 'ArithmeticShiftRight:ASRShift|secondClock'
Slack : -0.195
TNS   : -2.925

Type  : Slow 1200mV 0C Model Removal 'clock'
Slack : -0.088
TNS   : -7.540

Type  : Slow 1200mV 0C Model Removal 'LeftShifter:LfShift|secondClock'
Slack : 0.121
TNS   : 0.000

Type  : Slow 1200mV 0C Model Minimum Pulse Width 'clock'
Slack : -3.000
TNS   : -115.000

Type  : Slow 1200mV 0C Model Minimum Pulse Width 'reset'
Slack : -3.000
TNS   : -3.000

Type  : Slow 1200mV 0C Model Minimum Pulse Width 'selector[0]'
Slack : -3.000
TNS   : -3.000

Type  : Slow 1200mV 0C Model Minimum Pulse Width 'Display:PrintArithResult|thirdClock'
Slack : -1.000
TNS   : -108.000

Type  : Slow 1200mV 0C Model Minimum Pulse Width 'Display:PrintMessage|thirdClock'
Slack : -1.000
TNS   : -79.000

Type  : Slow 1200mV 0C Model Minimum Pulse Width 'LeftShifter:LfShift|secondClock'
Slack : -1.000
TNS   : -37.000

Type  : Slow 1200mV 0C Model Minimum Pulse Width 'ArithmeticShiftRight:ASRShift|secondClock'
Slack : -1.000
TNS   : -34.000

Type  : Fast 1200mV 0C Model Setup 'clock'
Slack : -19.085
TNS   : -270.487

Type  : Fast 1200mV 0C Model Setup 'Display:PrintArithResult|thirdClock'
Slack : -3.030
TNS   : -247.484

Type  : Fast 1200mV 0C Model Setup 'Display:PrintMessage|thirdClock'
Slack : -2.800
TNS   : -147.278

Type  : Fast 1200mV 0C Model Setup 'reset'
Slack : -1.407
TNS   : -31.537

Type  : Fast 1200mV 0C Model Setup 'selector[0]'
Slack : -1.033
TNS   : -6.384

Type  : Fast 1200mV 0C Model Setup 'LeftShifter:LfShift|secondClock'
Slack : -0.573
TNS   : -11.846

Type  : Fast 1200mV 0C Model Setup 'ArithmeticShiftRight:ASRShift|secondClock'
Slack : -0.551
TNS   : -11.529

Type  : Fast 1200mV 0C Model Hold 'Display:PrintArithResult|thirdClock'
Slack : -0.020
TNS   : -0.020

Type  : Fast 1200mV 0C Model Hold 'Display:PrintMessage|thirdClock'
Slack : 0.039
TNS   : 0.000

Type  : Fast 1200mV 0C Model Hold 'ArithmeticShiftRight:ASRShift|secondClock'
Slack : 0.186
TNS   : 0.000

Type  : Fast 1200mV 0C Model Hold 'LeftShifter:LfShift|secondClock'
Slack : 0.187
TNS   : 0.000

Type  : Fast 1200mV 0C Model Hold 'clock'
Slack : 0.290
TNS   : 0.000

Type  : Fast 1200mV 0C Model Hold 'selector[0]'
Slack : 0.340
TNS   : 0.000

Type  : Fast 1200mV 0C Model Hold 'reset'
Slack : 0.609
TNS   : 0.000

Type  : Fast 1200mV 0C Model Recovery 'LeftShifter:LfShift|secondClock'
Slack : -0.188
TNS   : -3.000

Type  : Fast 1200mV 0C Model Recovery 'clock'
Slack : -0.097
TNS   : -8.883

Type  : Fast 1200mV 0C Model Recovery 'ArithmeticShiftRight:ASRShift|secondClock'
Slack : 0.011
TNS   : 0.000

Type  : Fast 1200mV 0C Model Recovery 'Display:PrintMessage|thirdClock'
Slack : 0.358
TNS   : 0.000

Type  : Fast 1200mV 0C Model Recovery 'Display:PrintArithResult|thirdClock'
Slack : 0.503
TNS   : 0.000

Type  : Fast 1200mV 0C Model Removal 'Display:PrintArithResult|thirdClock'
Slack : -0.685
TNS   : -54.746

Type  : Fast 1200mV 0C Model Removal 'Display:PrintMessage|thirdClock'
Slack : -0.533
TNS   : -42.085

Type  : Fast 1200mV 0C Model Removal 'ArithmeticShiftRight:ASRShift|secondClock'
Slack : -0.171
TNS   : -2.565

Type  : Fast 1200mV 0C Model Removal 'clock'
Slack : -0.075
TNS   : -6.391

Type  : Fast 1200mV 0C Model Removal 'LeftShifter:LfShift|secondClock'
Slack : 0.034
TNS   : 0.000

Type  : Fast 1200mV 0C Model Minimum Pulse Width 'clock'
Slack : -3.000
TNS   : -122.621

Type  : Fast 1200mV 0C Model Minimum Pulse Width 'reset'
Slack : -3.000
TNS   : -3.000

Type  : Fast 1200mV 0C Model Minimum Pulse Width 'selector[0]'
Slack : -3.000
TNS   : -3.000

Type  : Fast 1200mV 0C Model Minimum Pulse Width 'Display:PrintArithResult|thirdClock'
Slack : -1.000
TNS   : -108.000

Type  : Fast 1200mV 0C Model Minimum Pulse Width 'Display:PrintMessage|thirdClock'
Slack : -1.000
TNS   : -79.000

Type  : Fast 1200mV 0C Model Minimum Pulse Width 'LeftShifter:LfShift|secondClock'
Slack : -1.000
TNS   : -37.000

Type  : Fast 1200mV 0C Model Minimum Pulse Width 'ArithmeticShiftRight:ASRShift|secondClock'
Slack : -1.000
TNS   : -34.000

------------------------------------------------------------
