------------------------------------------------------------
Timing Analyzer Summary
------------------------------------------------------------

Type  : Slow 1200mV 85C Model Setup 'clock'
Slack : -17.103
TNS   : -433.153

Type  : Slow 1200mV 85C Model Setup 'Display:PrintArithResult|thirdClock'
Slack : -5.863
TNS   : -468.510

Type  : Slow 1200mV 85C Model Setup 'Display:PrintMessage|thirdClock'
Slack : -5.564
TNS   : -325.903

Type  : Slow 1200mV 85C Model Setup 'selector[0]'
Slack : -2.743
TNS   : -64.453

Type  : Slow 1200mV 85C Model Setup 'reset'
Slack : -2.343
TNS   : -57.374

Type  : Slow 1200mV 85C Model Setup 'LeftShifter:LfShift|secondClock'
Slack : -1.645
TNS   : -32.217

Type  : Slow 1200mV 85C Model Setup 'ArithmeticShiftRight:ASRShift|secondClock'
Slack : -1.547
TNS   : -30.656

Type  : Slow 1200mV 85C Model Hold 'LeftShifter:LfShift|secondClock'
Slack : 0.055
TNS   : 0.000

Type  : Slow 1200mV 85C Model Hold 'ArithmeticShiftRight:ASRShift|secondClock'
Slack : 0.131
TNS   : 0.000

Type  : Slow 1200mV 85C Model Hold 'Display:PrintArithResult|thirdClock'
Slack : 0.237
TNS   : 0.000

Type  : Slow 1200mV 85C Model Hold 'clock'
Slack : 0.251
TNS   : 0.000

Type  : Slow 1200mV 85C Model Hold 'Display:PrintMessage|thirdClock'
Slack : 0.281
TNS   : 0.000

Type  : Slow 1200mV 85C Model Hold 'selector[0]'
Slack : 0.464
TNS   : 0.000

Type  : Slow 1200mV 85C Model Hold 'reset'
Slack : 1.894
TNS   : 0.000

Type  : Slow 1200mV 85C Model Recovery 'clock'
Slack : -0.004
TNS   : -0.072

Type  : Slow 1200mV 85C Model Recovery 'Display:PrintArithResult|thirdClock'
Slack : 0.064
TNS   : 0.000

Type  : Slow 1200mV 85C Model Recovery 'Display:PrintMessage|thirdClock'
Slack : 0.075
TNS   : 0.000

Type  : Slow 1200mV 85C Model Recovery 'LeftShifter:LfShift|secondClock'
Slack : 0.116
TNS   : 0.000

Type  : Slow 1200mV 85C Model Recovery 'ArithmeticShiftRight:ASRShift|secondClock'
Slack : 0.122
TNS   : 0.000

Type  : Slow 1200mV 85C Model Removal 'ArithmeticShiftRight:ASRShift|secondClock'
Slack : -0.201
TNS   : -2.010

Type  : Slow 1200mV 85C Model Removal 'LeftShifter:LfShift|secondClock'
Slack : -0.195
TNS   : -1.950

Type  : Slow 1200mV 85C Model Removal 'Display:PrintMessage|thirdClock'
Slack : -0.166
TNS   : -12.577

Type  : Slow 1200mV 85C Model Removal 'Display:PrintArithResult|thirdClock'
Slack : -0.155
TNS   : -11.960

Type  : Slow 1200mV 85C Model Removal 'clock'
Slack : -0.090
TNS   : -10.319

Type  : Slow 1200mV 85C Model Minimum Pulse Width 'clock'
Slack : -3.000
TNS   : -149.000

Type  : Slow 1200mV 85C Model Minimum Pulse Width 'reset'
Slack : -3.000
TNS   : -3.000

Type  : Slow 1200mV 85C Model Minimum Pulse Width 'selector[0]'
Slack : -3.000
TNS   : -3.000

Type  : Slow 1200mV 85C Model Minimum Pulse Width 'Display:PrintArithResult|thirdClock'
Slack : -1.000
TNS   : -107.000

Type  : Slow 1200mV 85C Model Minimum Pulse Width 'Display:PrintMessage|thirdClock'
Slack : -1.000
TNS   : -79.000

Type  : Slow 1200mV 85C Model Minimum Pulse Width 'ArithmeticShiftRight:ASRShift|secondClock'
Slack : -1.000
TNS   : -25.000

Type  : Slow 1200mV 85C Model Minimum Pulse Width 'LeftShifter:LfShift|secondClock'
Slack : -1.000
TNS   : -24.000

Type  : Slow 1200mV 0C Model Setup 'clock'
Slack : -15.182
TNS   : -373.074

Type  : Slow 1200mV 0C Model Setup 'Display:PrintArithResult|thirdClock'
Slack : -5.128
TNS   : -414.485

Type  : Slow 1200mV 0C Model Setup 'Display:PrintMessage|thirdClock'
Slack : -4.931
TNS   : -287.564

Type  : Slow 1200mV 0C Model Setup 'selector[0]'
Slack : -2.346
TNS   : -55.065

Type  : Slow 1200mV 0C Model Setup 'reset'
Slack : -2.053
TNS   : -50.295

Type  : Slow 1200mV 0C Model Setup 'LeftShifter:LfShift|secondClock'
Slack : -1.395
TNS   : -27.695

Type  : Slow 1200mV 0C Model Setup 'ArithmeticShiftRight:ASRShift|secondClock'
Slack : -1.321
TNS   : -26.735

Type  : Slow 1200mV 0C Model Hold 'LeftShifter:LfShift|secondClock'
Slack : 0.063
TNS   : 0.000

Type  : Slow 1200mV 0C Model Hold 'ArithmeticShiftRight:ASRShift|secondClock'
Slack : 0.136
TNS   : 0.000

Type  : Slow 1200mV 0C Model Hold 'clock'
Slack : 0.221
TNS   : 0.000

Type  : Slow 1200mV 0C Model Hold 'Display:PrintArithResult|thirdClock'
Slack : 0.228
TNS   : 0.000

Type  : Slow 1200mV 0C Model Hold 'Display:PrintMessage|thirdClock'
Slack : 0.270
TNS   : 0.000

Type  : Slow 1200mV 0C Model Hold 'selector[0]'
Slack : 0.427
TNS   : 0.000

Type  : Slow 1200mV 0C Model Hold 'reset'
Slack : 1.744
TNS   : 0.000

Type  : Slow 1200mV 0C Model Recovery 'clock'
Slack : 0.068
TNS   : 0.000

Type  : Slow 1200mV 0C Model Recovery 'Display:PrintArithResult|thirdClock'
Slack : 0.100
TNS   : 0.000

Type  : Slow 1200mV 0C Model Recovery 'Display:PrintMessage|thirdClock'
Slack : 0.112
TNS   : 0.000

Type  : Slow 1200mV 0C Model Recovery 'LeftShifter:LfShift|secondClock'
Slack : 0.149
TNS   : 0.000

Type  : Slow 1200mV 0C Model Recovery 'ArithmeticShiftRight:ASRShift|secondClock'
Slack : 0.154
TNS   : 0.000

Type  : Slow 1200mV 0C Model Removal 'ArithmeticShiftRight:ASRShift|secondClock'
Slack : -0.160
TNS   : -1.600

Type  : Slow 1200mV 0C Model Removal 'LeftShifter:LfShift|secondClock'
Slack : -0.155
TNS   : -1.549

Type  : Slow 1200mV 0C Model Removal 'Display:PrintMessage|thirdClock'
Slack : -0.129
TNS   : -9.654

Type  : Slow 1200mV 0C Model Removal 'Display:PrintArithResult|thirdClock'
Slack : -0.117
TNS   : -9.003

Type  : Slow 1200mV 0C Model Removal 'clock'
Slack : -0.090
TNS   : -10.340

Type  : Slow 1200mV 0C Model Minimum Pulse Width 'clock'
Slack : -3.000
TNS   : -149.000

Type  : Slow 1200mV 0C Model Minimum Pulse Width 'reset'
Slack : -3.000
TNS   : -3.000

Type  : Slow 1200mV 0C Model Minimum Pulse Width 'selector[0]'
Slack : -3.000
TNS   : -3.000

Type  : Slow 1200mV 0C Model Minimum Pulse Width 'Display:PrintArithResult|thirdClock'
Slack : -1.000
TNS   : -107.000

Type  : Slow 1200mV 0C Model Minimum Pulse Width 'Display:PrintMessage|thirdClock'
Slack : -1.000
TNS   : -79.000

Type  : Slow 1200mV 0C Model Minimum Pulse Width 'ArithmeticShiftRight:ASRShift|secondClock'
Slack : -1.000
TNS   : -25.000

Type  : Slow 1200mV 0C Model Minimum Pulse Width 'LeftShifter:LfShift|secondClock'
Slack : -1.000
TNS   : -24.000

Type  : Fast 1200mV 0C Model Setup 'clock'
Slack : -9.316
TNS   : -185.459

Type  : Fast 1200mV 0C Model Setup 'Display:PrintArithResult|thirdClock'
Slack : -2.907
TNS   : -215.582

Type  : Fast 1200mV 0C Model Setup 'Display:PrintMessage|thirdClock'
Slack : -2.688
TNS   : -144.475

Type  : Fast 1200mV 0C Model Setup 'selector[0]'
Slack : -1.638
TNS   : -43.073

Type  : Fast 1200mV 0C Model Setup 'reset'
Slack : -0.883
TNS   : -20.779

Type  : Fast 1200mV 0C Model Setup 'LeftShifter:LfShift|secondClock'
Slack : -0.749
TNS   : -14.643

Type  : Fast 1200mV 0C Model Setup 'ArithmeticShiftRight:ASRShift|secondClock'
Slack : -0.713
TNS   : -14.235

Type  : Fast 1200mV 0C Model Hold 'LeftShifter:LfShift|secondClock'
Slack : -0.011
TNS   : -0.011

Type  : Fast 1200mV 0C Model Hold 'ArithmeticShiftRight:ASRShift|secondClock'
Slack : 0.031
TNS   : 0.000

Type  : Fast 1200mV 0C Model Hold 'Display:PrintArithResult|thirdClock'
Slack : 0.076
TNS   : 0.000

Type  : Fast 1200mV 0C Model Hold 'clock'
Slack : 0.104
TNS   : 0.000

Type  : Fast 1200mV 0C Model Hold 'Display:PrintMessage|thirdClock'
Slack : 0.109
TNS   : 0.000

Type  : Fast 1200mV 0C Model Hold 'selector[0]'
Slack : 0.270
TNS   : 0.000

Type  : Fast 1200mV 0C Model Hold 'reset'
Slack : 1.036
TNS   : 0.000

Type  : Fast 1200mV 0C Model Recovery 'clock'
Slack : -0.103
TNS   : -12.665

Type  : Fast 1200mV 0C Model Recovery 'Display:PrintArithResult|thirdClock'
Slack : -0.045
TNS   : -3.225

Type  : Fast 1200mV 0C Model Recovery 'Display:PrintMessage|thirdClock'
Slack : -0.040
TNS   : -2.959

Type  : Fast 1200mV 0C Model Recovery 'LeftShifter:LfShift|secondClock'
Slack : -0.019
TNS   : -0.188

Type  : Fast 1200mV 0C Model Recovery 'ArithmeticShiftRight:ASRShift|secondClock'
Slack : -0.017
TNS   : -0.164

Type  : Fast 1200mV 0C Model Removal 'ArithmeticShiftRight:ASRShift|secondClock'
Slack : -0.142
TNS   : -1.415

Type  : Fast 1200mV 0C Model Removal 'LeftShifter:LfShift|secondClock'
Slack : -0.140
TNS   : -1.399

Type  : Fast 1200mV 0C Model Removal 'Display:PrintMessage|thirdClock'
Slack : -0.126
TNS   : -9.586

Type  : Fast 1200mV 0C Model Removal 'Display:PrintArithResult|thirdClock'
Slack : -0.121
TNS   : -9.433

Type  : Fast 1200mV 0C Model Removal 'clock'
Slack : -0.075
TNS   : -8.799

Type  : Fast 1200mV 0C Model Minimum Pulse Width 'clock'
Slack : -3.000
TNS   : -158.678

Type  : Fast 1200mV 0C Model Minimum Pulse Width 'selector[0]'
Slack : -3.000
TNS   : -5.725

Type  : Fast 1200mV 0C Model Minimum Pulse Width 'reset'
Slack : -3.000
TNS   : -3.000

Type  : Fast 1200mV 0C Model Minimum Pulse Width 'Display:PrintArithResult|thirdClock'
Slack : -1.000
TNS   : -107.000

Type  : Fast 1200mV 0C Model Minimum Pulse Width 'Display:PrintMessage|thirdClock'
Slack : -1.000
TNS   : -79.000

Type  : Fast 1200mV 0C Model Minimum Pulse Width 'ArithmeticShiftRight:ASRShift|secondClock'
Slack : -1.000
TNS   : -25.000

Type  : Fast 1200mV 0C Model Minimum Pulse Width 'LeftShifter:LfShift|secondClock'
Slack : -1.000
TNS   : -24.000

------------------------------------------------------------
